// Jest Snapshot v1, https://goo.gl/fbAQLP

exports[`<VSelect> Should render the component unchanged 1`] = `
<div>
  <div
    class="container"
  >
    <span
      class="container__text"
    >
      test
    </span>
  </div>
</div>
`;
